// Jest Snapshot v1, https://goo.gl/fbAQLP

exports[`testing the components renders calculator correctly 1`] = `[Function]`;

exports[`testing the components renders mainpage correctly 1`] = `[Function]`;

exports[`testing the components renders mainpage correctly 2`] = `[Function]`;
